[lepavida.wine/index.html]
[backblue.gif]
[fade.gif]
[index.html]
[lepavida.wine/wp-content/plugins/contact-form-7/includes/css/styles4906.css]
[lepavida.wine/index7c4b.html]
[lepavida.wine/indexcf53.html]
[lepavida.wine/wp-content/plugins/sitepress-multilingual-cms/templates/language-switchers/legacy-list-horizontal/style68b3.css]
[lepavida.wine/xmlrpc.20db0.delayed]
[lepavida.wine/wp-json/index.html]
[lepavida.wine/wp-includes/wlwmanifest.xml]
[lepavida.wine/wp-json/oembed/1.0/embedc7c0.json]
[lepavida.wine/wp-json/oembed/1.0/embeded95]
[lepavida.wine/wp-content/themes/lepavida/favicon.ico]
[use.typekit.net/cfp1shz.js]
[www.google-analytics.com/analytics.js]
[lepavida.wine/wp-content/themes/lepavida/stylesheets/bootstrap.min.css]
[lepavida.wine/wp-content/themes/lepavida/stylesheets/lightslider.css]
[lepavida.wine/wp-content/themes/lepavida/stylesheets/animate.css]
[lepavida.wine/wp-content/themes/lepavida/stylesheets/main.css]
[lepavida.wine/wp-content/themes/lepavida/stylesheets/head.css]
[lepavida.wine/wp-content/themes/lepavida/stylesheets/mobile.css]
[lepavida.wine/wp-content/themes/lepavida/images/loader.gif]
[lepavida.wine/wp-content/themes/lepavida/images/hometop/hometop_rightc.png]
[lepavida.wine/wp-content/themes/lepavida/images/hometop/hometop_centerc.png]
[lepavida.wine/wp-content/themes/lepavida/images/hometop/hometop_leftc.png]
[lepavida.wine/wp-content/themes/lepavida/images/hometop/hometop_darkc.png]
[lepavida.wine/wp-content/themes/lepavida/images/hometop/hometop_images.png]
[lepavida.wine/wp-content/themes/lepavida/images/hometop/hometop_bimage.png]
[lepavida.wine/wp-content/themes/lepavida/images/hometop/hometop_images_mobile.png]
[lepavida.wine/wp-content/uploads/2016/01/top_trimage.png]
[lepavida.wine/family-ipavec-gerzina/index.html]
[lepavida.wine/wp-content/uploads/2016/01/ourfamily_top-1.jpg]
[lepavida.wine/wp-content/uploads/2016/01/home_midimage.png]
[lepavida.wine/wp-content/themes/lepavida/images/winec_a1.png]
[lepavida.wine/wp-content/uploads/2016/01/mi.png]
[lepavida.wine/wp-content/uploads/2016/01/sauvignon.png]
[lepavida.wine/wp-content/themes/lepavida/images/triangle_a.png]
[lepavida.wine/wp-content/uploads/2016/01/oOo.png]
[lepavida.wine/wp-content/themes/lepavida/images/triangle_b.png]
[lepavida.wine/wp-content/uploads/2016/04/2-330x423.jpg]
[lepavida.wine/wp-content/uploads/2016/01/homefooter.jpg]
[lepavida.wine/journal/index.html]
[lepavida.wine/wp-content/themes/lepavida/images/logo.png]
[lepavida.wine/wp-content/uploads/2016/06/menu_image.jpg]
[lepavida.wine/wine-list/index.html]
[lepavida.wine/wp-content/uploads/2016/04/2.jpg]
[lepavida.wine/contact-lepa-vida/index.html]
[lepavida.wine/wp-content/plugins/contact-form-7/includes/js/jquery.form.mind03d.js]
[lepavida.wine/wp-content/plugins/contact-form-7/includes/js/scripts4906.js]
[lepavida.wine/wp-content/themes/lepavida/js/vendor/jquery-2.1.1.min.js]
[lepavida.wine/wp-content/themes/lepavida/js/vendor/jquery.bxslider.min.js]
[lepavida.wine/wp-content/themes/lepavida/js/vendor/jquery.easing.1.3.js]
[lepavida.wine/wp-content/themes/lepavida/js/vendor/jquery.parallax-scroll.js]
[lepavida.wine/wp-content/themes/lepavida/js/vendor/jquery.viewportchecker.js]
[lepavida.wine/wp-content/themes/lepavida/js/vendor/lightslider.js]
[lepavida.wine/wp-content/themes/lepavida/js/vendor/jquery.parallax.min.js]
[lepavida.wine/wp-content/themes/lepavida/js/main.js]
[lepavida.wine/wp-includes/js/wp-embed.min6959.js]
[lepavida.wine/wp-content/plugins/sitepress-multilingual-cms/res/js/sitepress6959.js]
[lepavida.wine/index.html]
[lepavida.wine/index7c4b.html]
[lepavida.wine/wp-json/indexa9b7.html]
[lepavida.wine/wp-json/indexa537.html]
[lepavida.wine/wp-json/index3fc7.html]
[lepavida.wine/dnevnik/index7c4b.html]
[lepavida.wine/indexcf53.html]
[lepavida.wine/vina/index7c4b.html]
[lepavida.wine/ipavec-gerzina/index7c4b.html]
[lepavida.wine/wp-content/plugins/contact-form-7/images/ajax-loader.gif]
[lepavida.wine/wp-content/plugins/contact-form-7/includes/css/styles4906.css]
[lepavida.wine/kontakt-lepa-vida/index7c4b.html]
[lepavida.wine/wp-json/indexafbf.html]
[lepavida.wine/wp-json/index14fd.html]
[lepavida.wine/wp-json/index146d.html]
[lepavida.wine/contact-lepa-vida/indexcf53.html]
[lepavida.wine/wp-content/plugins/sitepress-multilingual-cms/templates/language-switchers/legacy-list-horizontal/style68b3.css]
[lepavida.wine/wine-list/indexcf53.html]
[lepavida.wine/xmlrpc0db0.html]
[lepavida.wine/wp-content/themes/lepavida/stylesheets/bootstrap.min.css]
[lepavida.wine/wp-content/themes/lepavida/stylesheets/lightslider.css]
[lepavida.wine/wp-content/themes/lepavida/stylesheets/animate.css]
[lepavida.wine/family-ipavec-gerzina/indexcf53.html]
[lepavida.wine/wp-content/themes/lepavida/fonts/icomoon738a.eot]
[lepavida.wine/wp-content/themes/lepavida/fonts/icomoon738a.woff]
[lepavida.wine/wp-content/themes/lepavida/images/back.jpg]
[lepavida.wine/wp-content/themes/lepavida/images/dline.png]
[lepavida.wine/wp-content/themes/lepavida/images/dlined.png]
[lepavida.wine/wp-content/themes/lepavida/images/wline.png]
[lepavida.wine/wp-content/themes/lepavida/images/llined.png]
[lepavida.wine/wp-content/themes/lepavida/images/foot_vline.png]
[lepavida.wine/wp-content/themes/lepavida/images/cuthinline.png]
[lepavida.wine/wp-content/themes/lepavida/images/curvyl.png]
[lepavida.wine/wp-content/themes/lepavida/images/curvyld.png]
[lepavida.wine/wp-content/themes/lepavida/images/dark_line.png]
[lepavida.wine/wp-content/themes/lepavida/images/gray_line.png]
[lepavida.wine/wp-content/themes/lepavida/images/white_line.png]
[lepavida.wine/wp-content/themes/lepavida/images/culine.png]
[lepavida.wine/wp-content/themes/lepavida/images/zzlined.png]
[lepavida.wine/wp-content/themes/lepavida/images/whitearch.png]
[lepavida.wine/wp-content/themes/lepavida/images/cuarch.png]
[lepavida.wine/wp-content/themes/lepavida/images/cucircle.png]
[lepavida.wine/wp-content/themes/lepavida/images/winec_square.png]
[lepavida.wine/wp-content/themes/lepavida/images/gray_noise.png]
[lepavida.wine/wp-content/themes/lepavida/images/head_a.png]
[lepavida.wine/wp-content/themes/lepavida/images/head_b.png]
[lepavida.wine/wp-content/themes/lepavida/images/headernoise.png]
[lepavida.wine/wp-content/themes/lepavida/images/popup_back_noise.png]
[lepavida.wine/wp-content/themes/lepavida/images/menubtn_back.jpg]
[lepavida.wine/wp-content/themes/lepavida/images/menu_icon.png]
[lepavida.wine/wp-content/themes/lepavida/images/icon-close.png]
[lepavida.wine/wp-content/themes/lepavida/images/close.png]
[lepavida.wine/wp-content/themes/lepavida/images/headinnernoise.png]
[lepavida.wine/wp-content/themes/lepavida/images/quote_back.png]
[lepavida.wine/wp-content/themes/lepavida/images/midback.jpg]
[lepavida.wine/wp-content/themes/lepavida/images/hand_a.png]
[lepavida.wine/wp-content/themes/lepavida/images/winec_a4.png]
[lepavida.wine/wp-content/themes/lepavida/images/winec_a2.png]
[lepavida.wine/wp-content/themes/lepavida/images/winec_rect.png]
[lepavida.wine/wp-content/themes/lepavida/images/textbackimg_p2.jpg]
[lepavida.wine/wp-content/themes/lepavida/images/textbackimg.jpg]
[lepavida.wine/wp-content/themes/lepavida/images/ourfamily_back.png]
[lepavida.wine/wp-content/themes/lepavida/images/cuback.jpg]
[lepavida.wine/wp-content/themes/lepavida/images/cusquare.jpg]
[lepavida.wine/wp-content/themes/lepavida/images/menuback.jpg]
[lepavida.wine/wp-content/themes/lepavida/images/fbicon.png]
[lepavida.wine/wp-content/themes/lepavida/images/twicon.png]
[lepavida.wine/wp-content/themes/lepavida/images/trip_advisor_1.png]
[lepavida.wine/wp-content/themes/lepavida/images/popup_noise.png]
[lepavida.wine/wp-content/themes/lepavida/images/CLOSE-cursor.png]
[lepavida.wine/wp-content/themes/lepavida/images/vines.png]
[lepavida.wine/wp-content/themes/lepavida/images/zzlined_popup.png]
[lepavida.wine/wp-content/themes/lepavida/stylesheets/main.css]
[lepavida.wine/wp-content/themes/lepavida/stylesheets/head.css]
[lepavida.wine/wp-content/themes/lepavida/stylesheets/mobile.css]
[lepavida.wine/wp-json/oembed/1.0/embed3b0e.json]
[lepavida.wine/index5757.html]
[lepavida.wine/wp-json/oembed/1.0/embedb27e]
[lepavida.wine/wp-content/themes/lepavida/images/winectop/winectop_cloudm.png]
[lepavida.wine/wp-content/themes/lepavida/images/winectop/winectop_cloudlt.png]
[lepavida.wine/wp-content/themes/lepavida/images/winectop/winectop_cloudlb.png]
[lepavida.wine/wp-content/themes/lepavida/images/winectop/winectop_cloudrt.png]
[lepavida.wine/wp-content/themes/lepavida/images/winectop/winectop_cloudrb.png]
[lepavida.wine/wp-content/themes/lepavida/images/ourfamilytop/ourfamilytop_image.png]
[lepavida.wine/wp-content/themes/lepavida/images/ourfamilytop/ourfamilytop_image_mobile.png]
[lepavida.wine/wp-content/uploads/2016/01/gallery_back.jpg]
[lepavida.wine/wp-content/uploads/2016/01/gallery2-1028x695.jpg]
[lepavida.wine/wp-content/uploads/2016/01/gallery1.jpg]
[lepavida.wine/wp-content/uploads/2016/01/gallery3-1028x683.jpg]
[lepavida.wine/wp-content/uploads/2016/01/gallery4-1028x695.jpg]
[lepavida.wine/wp-content/uploads/2016/01/winemiddle.jpg]
[lepavida.wine/wp-content/uploads/2016/01/ourfamily_footimg.jpg]
[lepavida.wine/family-ipavec-gerzina/index.html]
[lepavida.wine/wp-content/themes/lepavida/images/journaltop/journaltop_cloudb.png]
[lepavida.wine/wp-content/themes/lepavida/images/journaltop/journaltop_cloudf.png]
[lepavida.wine/wp-content/themes/lepavida/images/journaltop/journaltop_image.png]
[lepavida.wine/wp-content/themes/lepavida/images/journaltop/journaltop_image_mobile.png]
[lepavida.wine/wp-content/uploads/2016/02/wineglass-570x423.jpg]
[lepavida.wine/wp-content/uploads/2016/01/winec_footimage.jpg]
[lepavida.wine/wp-content/uploads/2016/02/wineglass.jpg]
[lepavida.wine/journal/index.html]
[lepavida.wine/wp-json/oembed/1.0/embed2cb6.json]
[lepavida.wine/index970c.html]
[lepavida.wine/wp-json/oembed/1.0/embedf151]
[lepavida.wine/wp-content/themes/lepavida/images/winectop/winectop_image.png]
[lepavida.wine/wp-content/themes/lepavida/images/winectop/winectop_image_mobile.png]
[lepavida.wine/wp-content/uploads/2016/01/sivipinot.png]
[lepavida.wine/wp-content/uploads/2016/01/malvazija.png]
[lepavida.wine/wp-content/uploads/2016/01/winec_big.jpg]
[lepavida.wine/wp-content/uploads/2016/01/winec_mtop.jpg]
[lepavida.wine/wp-content/uploads/2016/01/rose.png]
[lepavida.wine/wp-content/themes/lepavida/images/winec_a3.png]
[lepavida.wine/wine-list/index.html]
[lepavida.wine/wp-json/oembed/1.0/embedbc9c.json]
[lepavida.wine/index153d.html]
[lepavida.wine/wp-json/oembed/1.0/embed6a89]
[lepavida.wine/wp-content/themes/lepavida/images/contacttop/contacttop_cloudb.png]
[lepavida.wine/wp-content/themes/lepavida/images/contacttop/contacttop_cloudf.png]
[lepavida.wine/wp-content/themes/lepavida/images/contacttop/contacttop_image.png]
[lepavida.wine/wp-content/themes/lepavida/images/contacttop/contacttop_image_mobile.png]
[lepavida.wine/contact-lepa-vida/index.html]
[lepavida.wine/dnevnik/index7c4b.html]
[lepavida.wine/vina/index7c4b.html]
[lepavida.wine/ipavec-gerzina/index7c4b.html]
[lepavida.wine/kontakt-lepa-vida/index7c4b.html]
[lepavida.wine/contact-lepa-vida/indexcf53.html]
[lepavida.wine/wine-list/indexcf53.html]
[lepavida.wine/family-ipavec-gerzina/indexcf53.html]
[lepavida.wine/wp-content/themes/lepavida/fonts/icomoon738a.svg]
[lepavida.wine/wp-content/themes/lepavida/fonts/icomoon738a.html]
[lepavida.wine/index5757.html]
[lepavida.wine/index970c.html]
[lepavida.wine/index153d.html]
